2026-08-07T10:54:51.476+05:30  INFO 20048 --- [02-jpa] [main] com.tss.__jpa.Application                : Starting Application using Java 26.0.1 with PID 20048 (C:\tss june\springCore\02-jpa\target\classes started by Dushyantsinh.Chudasa in C:\tss june\springCore\02-jpa)
2026-08-07T10:54:51.497+05:30  INFO 20048 --- [02-jpa] [main] com.tss.__jpa.Application                : No active profile set, falling back to 1 default profile: "default"
2026-08-07T10:54:53.423+05:30  INFO 20048 --- [02-jpa] [main] .s.d.r.c.RepositoryConfigurationDelegate : Bootstrapping Spring Data JPA repositories in DEFAULT mode.
2026-08-07T10:54:53.546+05:30  INFO 20048 --- [02-jpa] [main] .s.d.r.c.RepositoryConfigurationDelegate : Finished Spring Data repository scanning in 102 ms. Found 4 JPA repository interfaces.
2026-08-07T10:54:54.537+05:30  INFO 20048 --- [02-jpa] [main] o.s.boot.tomcat.TomcatWebServer          : Tomcat initialized with port 8080 (http)
2026-08-07T10:54:54.561+05:30  INFO 20048 --- [02-jpa] [main] o.apache.catalina.core.StandardService   : Starting service [Tomcat]
2026-08-07T10:54:54.563+05:30  INFO 20048 --- [02-jpa] [main] o.apache.catalina.core.StandardEngine    : Starting Servlet engine: [Apache Tomcat/11.0.22]
2026-08-07T10:54:54.703+05:30  INFO 20048 --- [02-jpa] [main] b.w.c.s.WebApplicationContextInitializer : Root WebApplicationContext: initialization completed in 3060 ms
2026-08-07T10:54:55.183+05:30  INFO 20048 --- [02-jpa] [main] org.hibernate.orm.jpa                    : HHH008540: Processing PersistenceUnitInfo [name: default]
2026-08-07T10:54:55.330+05:30  INFO 20048 --- [02-jpa] [main] org.hibernate.orm.core                   : HHH000001: Hibernate ORM core version 7.4.1.Final
2026-08-07T10:54:56.214+05:30  INFO 20048 --- [02-jpa] [main] o.s.o.j.p.SpringPersistenceUnitInfo      : No LoadTimeWeaver setup: ignoring JPA class transformer
2026-08-07T10:54:56.272+05:30  INFO 20048 --- [02-jpa] [main] com.zaxxer.hikari.HikariDataSource       : HikariPool-1 - Starting...
2026-08-07T10:54:58.976+05:30  INFO 20048 --- [02-jpa] [main] com.zaxxer.hikari.pool.HikariPool        : HikariPool-1 - Added connection org.postgresql.jdbc.PgConnection@11adab6d
2026-08-07T10:54:58.980+05:30  INFO 20048 --- [02-jpa] [main] com.zaxxer.hikari.HikariDataSource       : HikariPool-1 - Start completed.
2026-08-07T10:54:59.142+05:30  INFO 20048 --- [02-jpa] [main] org.hibernate.orm.connections.pooling    : HHH10001005: Database info:
	Database JDBC URL [jdbc:postgresql://localhost:5432/JPA_Demo]
	Database driver: PostgreSQL JDBC Driver
	Database dialect: PostgreSQLDialect
	Database version: 18.4
	Default catalog/schema: JPA_Demo/public
	Autocommit mode: undefined/unknown
	Isolation level: READ_COMMITTED [default READ_COMMITTED]
	JDBC fetch size: none
	Pool: DataSourceConnectionProvider
	Minimum pool size: undefined/unknown
	Maximum pool size: undefined/unknown
2026-08-07T10:55:01.107+05:30  INFO 20048 --- [02-jpa] [main] org.hibernate.orm.core                   : HHH000489: No JTA platform available (set 'hibernate.transaction.jta.platform' to enable JTA platform integration)
2026-08-07T10:55:01.509+05:30  INFO 20048 --- [02-jpa] [main] j.LocalContainerEntityManagerFactoryBean : Initialized JPA EntityManagerFactory for persistence unit 'default'
2026-08-07T10:55:01.857+05:30  INFO 20048 --- [02-jpa] [main] o.s.d.j.r.query.QueryEnhancerFactories   : Hibernate is in classpath; If applicable, HQL parser will be used.
2026-08-07T10:55:04.333+05:30  WARN 20048 --- [02-jpa] [main] JpaBaseConfiguration$JpaWebConfiguration : spring.jpa.open-in-view is enabled by default. Therefore, database queries may be performed during view rendering. Explicitly configure spring.jpa.open-in-view to disable this warning
2026-08-07T10:55:05.263+05:30  WARN 20048 --- [02-jpa] [main] .s.a.UserDetailsServiceAutoConfiguration : 

Using generated security password: 7489cb0d-cd24-4823-b9a0-a5f8c3302886

This generated password is for development use only. Your security configuration must be updated before running your application in production.

2026-08-07T10:55:05.500+05:30  INFO 20048 --- [02-jpa] [main] r$InitializeUserDetailsManagerConfigurer : Global AuthenticationManager configured with UserDetailsService bean with name inMemoryUserDetailsManager
2026-08-07T10:55:06.173+05:30  INFO 20048 --- [02-jpa] [main] o.s.boot.tomcat.TomcatWebServer          : Tomcat started on port 8080 (http) with context path '/'
2026-08-07T10:55:06.188+05:30  INFO 20048 --- [02-jpa] [main] com.tss.__jpa.Application                : Started Application in 15.721 seconds (process running for 17.15)
2026-08-07T10:55:50.006+05:30  INFO 20048 --- [02-jpa] [http-nio-8080-exec-1] o.a.c.c.C.[Tomcat].[localhost].[/]       : Initializing Spring DispatcherServlet 'dispatcherServlet'
2026-08-07T10:55:50.007+05:30  INFO 20048 --- [02-jpa] [http-nio-8080-exec-1] o.s.web.servlet.DispatcherServlet        : Initializing Servlet 'dispatcherServlet'
2026-08-07T10:55:50.011+05:30  INFO 20048 --- [02-jpa] [http-nio-8080-exec-1] o.s.web.servlet.DispatcherServlet        : Completed initialization in 3 ms
2026-08-07T11:22:45.529+05:30  INFO 20048 --- [02-jpa] [SpringApplicationShutdownHook] o.s.boot.tomcat.GracefulShutdown         : Commencing graceful shutdown. Waiting for active requests to complete
2026-08-07T11:22:45.575+05:30  INFO 20048 --- [02-jpa] [tomcat-shutdown] o.s.boot.tomcat.GracefulShutdown         : Graceful shutdown complete
2026-08-07T11:22:45.626+05:30  INFO 20048 --- [02-jpa] [SpringApplicationShutdownHook] j.LocalContainerEntityManagerFactoryBean : Closing JPA EntityManagerFactory for persistence unit 'default'
2026-08-07T11:22:45.673+05:30  INFO 20048 --- [02-jpa] [SpringApplicationShutdownHook] com.zaxxer.hikari.HikariDataSource       : HikariPool-1 - Shutdown initiated...
2026-08-07T11:22:45.684+05:30  INFO 20048 --- [02-jpa] [SpringApplicationShutdownHook] com.zaxxer.hikari.HikariDataSource       : HikariPool-1 - Shutdown completed.
